// Jest Snapshot v1, https://goo.gl/fbAQLP

exports[`SnapShot Testing Snapshot - Return all item with matching id 1`] = `
Array [
  Object {
    "Id": "1",
    "ItemName": "Razors",
    "Stock": "10",
  },
]
`;

exports[`SnapShot Testing Snapshot - Return all items with matching Name 1`] = `
Array [
  Object {
    "Id": "2",
    "ItemName": "Socks",
    "Stock": "1",
  },
  Object {
    "Id": "4",
    "ItemName": "Socks",
    "Stock": "2",
  },
]
`;
